{
  "data": {
    "Frame": {
      "create": {
        "label": "new frame for beehive",
        "type": "Beehive"
      }
    }
  }
}
