{
  "data": {
    "Apiary": {
      "update": {
        "name": "new name",
        "address": "new address"
      }
    }
  }
}
