{
  "data": {
    "Buying": {
      "delete": "01H5KQW6EBYNGSWRE09ANVZAER"
    }
  }
}
