{
  "errors": [
    {
      "message": "User user@example.com cannot update a Riser and associate it in a unknown beehive 01HF9HT8104EDAEHHNRD99Y53R",
      "locations": [
        {
          "line": 3,
          "column": 5
        }
      ],
      "path": [
        "Riser",
        "update"
      ],
      "code": "FORBIDDEN"
    }
  ],
  "data": {
    "Riser": {
      "update": null
    }
  }
}
