{
  "errors": [
    {
      "message": "User user@example.com cannot update riser isn't his own : 01HFHMVWRC9N2TDWH8F69X5XSC not UPDATED.",
      "locations": [
        {
          "line": 3,
          "column": 5
        }
      ],
      "path": [
        "Riser",
        "update"
      ],
      "code": "FORBIDDEN"
    }
  ],
  "data": {
    "Riser": {
      "update": null
    }
  }
}
