{
  "data": {
    "Riser": {
      "create": {
        "name": "new riser",
        "beehive": {
          "uid": "01HF9HT8104EDAEHHNRD99Y53R"
        }
      }
    }
  }
}
