{
  "data": {
    "Riser": {
      "create": {
        "name": "new riser",
        "beehive": null
      }
    }
  }
}
