{
  "data": {
    "Riser": {
      "listRisersFromBeehive": [
        {
          "uid": "01HFHFN5QYNSW6NWHKDNY3ADDT",
          "name": "Riser for user User",
          "beehive": {
            "uid": "01HF7X9YVA5GHKGDEPSPQG7187"
          }
        },
        {
          "uid": "01HFHKAZ3VXSB93EAFBXQ528WJ",
          "name": "Riser for user User",
          "beehive": {
            "uid": "01HF7X9YVA5GHKGDEPSPQG7187"
          }
        }
      ]
    }
  }
}
