{
  "data": {
    "Apiary": {
      "find": {
        "uid": "01H5KQW6EBYNGSWRE09ANVREXX",
        "name": "Custom apiary 1 for User",
        "address": "Custom address"
      }
    }
  }
}
