{
  "data": {
    "Apiary": {
      "find": {
        "uid": "01HE39KXBWVS6N93ZB9WEXJ3RF",
        "name": "Custom apiary 1 for Admin",
        "address": "Custom address"
      }
    }
  }
}
