{
  "data": {
    "Apiary": {
      "delete": "01H5KQW6EBYNGSWRE09ANVREXX"
    }
  }
}
