{
  "errors": [
    {
      "message": "Invalid payload",
      "locations": [
        {
          "line": 3,
          "column": 5
        }
      ],
      "path": [
        "Buying",
        "create"
      ],
      "code": "INVALID_PAYLOAD",
      "api_problem": {
        "type": "https:\/\/symfony.com\/errors\/validation",
        "title": "Validation Failed",
        "detail": "payload.price: Cette valeur doit être de type float.",
        "violations": [
          {
            "propertyPath": "payload.price",
            "title": "Cette valeur doit être de type float.",
            "template": "This value should be of type {{ type }}.",
            "parameters": {
              "{{ value }}": "\"price\"",
              "{{ type }}": "float"
            },
            "type": "urn:uuid:ba785a8c-82cb-4283-967c-3cf342181b40"
          }
        ]
      }
    }
  ],
  "data": {
    "Buying": {
      "create": null
    }
  }
}
