{
  "data": {
    "Buying": {
      "create": {
        "label": "new buying",
        "price": 199.99,
        "apiary": {
          "uid": "01HTWE9J2ZG521FBDFYN00CW3D"
        },
        "date": "2024-04-30T15:11:40+00:00"
      }
    }
  }
}
