{
  "data": {
    "Buying": {
      "listMyBuyings": [
        {
          "uid": "01HF7X9YVA5GHKGDEPSPQG7187",
          "label": "Buying for User",
          "price": 100.00,
          "apiary": {
            "uid": "01H5KQW6EBYNGSWRE09ANVREXX"
          }
        }
      ]
    }
  }
}
