{
  "data": {
    "Frame": {
      "update": {
        "label": "new label",
        "type": "Beehive"
      }
    }
  }
}
