{
  "errors": [
    {
      "message": "Invalid payload",
      "locations": [
        {
          "line": 3,
          "column": 5
        }
      ],
      "path": [
        "Frame",
        "update"
      ],
      "code": "INVALID_PAYLOAD",
      "api_problem": {
        "type": "https:\/\/symfony.com\/errors\/validation",
        "title": "Validation Failed",
        "detail": "payload.label: Cette valeur ne doit pas être vide.\npayload.type: Cette valeur ne doit pas être vide.",
        "violations": [
          {
            "propertyPath": "payload.label",
            "title": "Cette valeur ne doit pas être vide.",
            "template": "This value should not be blank.",
            "parameters": {
              "{{ value }}": "null"
            },
            "type": "urn:uuid:c1051bb4-d103-4f74-8988-acbcafc7fdc3"
          },
          {
            "propertyPath": "payload.type",
            "title": "Cette valeur ne doit pas être vide.",
            "template": "This value should not be blank.",
            "parameters": {
              "{{ value }}": "null"
            },
            "type": "urn:uuid:c1051bb4-d103-4f74-8988-acbcafc7fdc3"
          }
        ]
      }
    }
  ],
  "data": {
    "Frame": {
      "update": null
    }
  }
}
