{
  "data": {
    "Frame": {
      "delete": "01HKNN777YKKXQ670C406FJFCP"
    }
  }
}
