{
  "data": {
    "Frame": {
      "delete": "01HKM53CVNRQDBHDHPZT4MGNYM"
    }
  }
}
