{
  "data": {
    "Beehive": {
      "find": {
        "uid": "01HF7X9YVA5GHKGDEPSPQG7187",
        "frames": [
          {
            "uid": "01HFHFN5QYNSW6NWHKDNY3ADDT",
            "label": "Frame for User",
            "type": "Beehive"
          }
        ]
      }
    }
  }
}
