{
  "data": {
    "Apiary": {
      "create": {
        "name": "new apiary",
        "address": "some new address"
      }
    }
  }
}
